// Jest Snapshot v1, https://goo.gl/fbAQLP

exports[`Button test snapshot 1`] = `
.c0 {
  background-color: #69f0ae;
}

.c1 {
  background-color: blue;
}

<button
  class="MuiButtonBase-root MuiButton-root MuiButton-text c0"
  tabindex="0"
  type="button"
>
  <span
    class="MuiButton-label"
  >
    <span
      class="c1"
    />
    Fisch
  </span>
  <span
    class="MuiTouchRipple-root"
  />
</button>
`;
